// Jest Snapshot v1, https://goo.gl/fbAQLP

exports[`Indicator test indicator render 1`] = `
.c0 {
  background-color: #2DC008;
  border: none;
  border-radius: 50%;
  height: 0.5rem;
  width: 0.5rem;
}

<body>
  <div>
    <div
      class="c0"
      color="success"
      data-testid="indicator"
    />
  </div>
</body>
`;
