// Jest Snapshot v1, https://goo.gl/fbAQLP

exports[`PeriodicUpdater [NEGATIVE] should render with wrong props 1`] = `
<body>
  <div>
    <div
      data-testid="child"
    />
  </div>
</body>
`;

exports[`PeriodicUpdater test periodicUpdater render 1`] = `
<body>
  <div>
    <div
      data-testid="child"
    />
  </div>
</body>
`;
