// Jest Snapshot v1, https://goo.gl/fbAQLP

exports[`Ripple test ripple render 1`] = `
.c1 {
  position: absolute;
  will-change: opacity,transform;
  border-radius: 50%;
  -webkit-animation: bykygw 600ms cubic-bezier(0.4,0,0.2,1) forwards;
  animation: bykygw 600ms cubic-bezier(0.4,0,0.2,1) forwards;
  z-index: 0;
  background-color: #ECF1FC;
  pointer-events: none;
}

.c0 {
  width: 16rem;
  height: 16rem;
  border: 1px solid lightblue;
}

<body>
  <div>
    <div
      class="c0"
      data-testid="trigger"
      style="overflow: hidden; position: relative;"
    >
      <div
        class="c1"
        data-testid="ripple"
        opacity="1,1"
        scale="0"
        style="display: none; width: 0rem; height: 0rem; top: 0rem; left: 0rem;"
      />
    </div>
  </div>
</body>
`;
