// Jest Snapshot v1, https://goo.gl/fbAQLP

exports[`MainLayout should render 1`] = `
.c63 {
  display: grid;
  -webkit-column-gap: 1rem;
  column-gap: 1rem;
  row-gap: 1rem;
  grid-template-columns: repeat(1,1fr);
  width: 39rem;
  max-width: 39rem;
  margin: 0 auto;
  padding: 0 0rem;
}

.c63 > * {
  min-width: 0;
}

.c64 {
  grid-column: 1 / span 1;
  grid-row: 1 / span 1;
}

.c70 {
  grid-column: 1 / span 1;
  grid-row: 2 / span 1;
}

.c78 {
  grid-column: 1 / span 1;
  grid-row: 3 / span 1;
}

.c82 {
  grid-column: 1 / span 1;
  grid-row: 4 / span 1;
}

.c83 {
  grid-column: 1 / span 1;
  grid-row: 5 / span 1;
}

.c9 {
  position: absolute;
  will-change: opacity,transform;
  border-radius: 50%;
  -webkit-animation: bykygw 600ms cubic-bezier(0.4,0,0.2,1) forwards;
  animation: bykygw 600ms cubic-bezier(0.4,0,0.2,1) forwards;
  z-index: 0;
  background-color: #E3EAFB;
  pointer-events: none;
}

.c6 {
  position: relative;
  z-index: 0;
  display: -webkit-box !important;
  display: -webkit-flex !important;
  display: -ms-flexbox !important;
  display: flex !important;
  -webkit-align-items: center;
  -webkit-box-align: center;
  -ms-flex-align: center;
  align-items: center;
  -webkit-box-pack: center;
  -webkit-justify-content: center;
  -ms-flex-pack: center;
  justify-content: center;
  border-radius: 0.25rem;
  width: 5rem;
  white-space: nowrap;
  padding: 0;
  -webkit-transition-duration: 0;
  transition-duration: 0;
  -webkit-transition-property: background-color;
  transition-property: background-color;
  height: 3rem;
  border: none;
  background-color: transparent;
}

.c6 > div {
  font-family: Inter,sans-serif;
  font-size: 1rem;
  line-height: 1.5rem;
  font-weight: 600;
  font-style: normal;
}

.c6 > div svg {
  margin-right: 0.25rem;
}

.c6 > div {
  color: #4475E3;
}

.c6 > div svg {
  fill: #4475E3;
}

.c6:hover:enabled > div {
  color: #2F65E0;
}

.c6:hover:enabled > div svg {
  fill: #2F65E0;
}

.c6:hover:enabled:active > div {
  color: #2057D5;
}

.c6:hover:enabled:active > div svg {
  fill: #2057D5;
}

.c6:disabled > div {
  color: #B3C6F1;
}

.c6:disabled > div svg {
  fill: #B3C6F1;
}

.c6:focus-visible {
  outline: 0.125rem solid #C7D6F7;
}

.c6:focus-visible > div {
  color: #4475E3;
}

.c6:focus-visible > div svg {
  fill: #4475E3;
}

.c13 {
  position: relative;
  z-index: 0;
  display: -webkit-box !important;
  display: -webkit-flex !important;
  display: -ms-flexbox !important;
  display: flex !important;
  -webkit-align-items: center;
  -webkit-box-align: center;
  -ms-flex-align: center;
  align-items: center;
  -webkit-box-pack: center;
  -webkit-justify-content: center;
  -ms-flex-pack: center;
  justify-content: center;
  border-radius: 0.25rem;
  width: 15.375rem;
  white-space: nowrap;
  padding: 0;
  -webkit-transition-duration: 0;
  transition-duration: 0;
  -webkit-transition-property: background-color;
  transition-property: background-color;
  height: 3rem;
  border: none;
  background-color: transparent;
}

.c13:hover {
  cursor: pointer;
}

.c13 > div {
  font-family: Inter,sans-serif;
  font-size: 1rem;
  line-height: 1.5rem;
  font-weight: 600;
  font-style: normal;
}

.c13 > div svg {
  margin-right: 0.25rem;
}

.c13 > div {
  color: #4475E3;
}

.c13 > div svg {
  fill: #4475E3;
}

.c13:hover:enabled > div {
  color: #2F65E0;
}

.c13:hover:enabled > div svg {
  fill: #2F65E0;
}

.c13:hover:enabled:active > div {
  color: #2057D5;
}

.c13:hover:enabled:active > div svg {
  fill: #2057D5;
}

.c13:disabled > div {
  color: #B3C6F1;
}

.c13:disabled > div svg {
  fill: #B3C6F1;
}

.c13:focus-visible {
  outline: 0.125rem solid #C7D6F7;
}

.c13:focus-visible > div {
  color: #4475E3;
}

.c13:focus-visible > div svg {
  fill: #4475E3;
}

.c39 {
  position: relative;
  z-index: 0;
  display: -webkit-box !important;
  display: -webkit-flex !important;
  display: -ms-flexbox !important;
  display: flex !important;
  -webkit-align-items: center;
  -webkit-box-align: center;
  -ms-flex-align: center;
  align-items: center;
  -webkit-box-pack: center;
  -webkit-justify-content: center;
  -ms-flex-pack: center;
  justify-content: center;
  border-radius: 0.25rem;
  width: 100%;
  white-space: nowrap;
  padding: 0;
  -webkit-transition-duration: 0;
  transition-duration: 0;
  -webkit-transition-property: background-color;
  transition-property: background-color;
  height: 1.5rem;
  width: 1.5rem;
  border: none;
  background-color: transparent;
}

.c39:hover {
  cursor: pointer;
}

.c39 > div {
  color: #4475E3;
}

.c39 > div svg {
  fill: #4475E3;
}

.c39:hover:enabled > div {
  color: #2F65E0;
}

.c39:hover:enabled > div svg {
  fill: #2F65E0;
}

.c39:hover:enabled:active > div {
  color: #2057D5;
}

.c39:hover:enabled:active > div svg {
  fill: #2057D5;
}

.c39:disabled > div {
  color: #B3C6F1;
}

.c39:disabled > div svg {
  fill: #B3C6F1;
}

.c39:focus-visible {
  outline: 0.125rem solid #C7D6F7;
}

.c39:focus-visible > div {
  color: #4475E3;
}

.c39:focus-visible > div svg {
  fill: #4475E3;
}

.c39:hover:enabled {
  background-color: #ECF1FC;
}

.c39:hover:enabled:active > div {
  color: #2057D5;
}

.c39:hover:enabled:active > div svg {
  fill: #2057D5;
}

.c39:focus-visible:enabled {
  background-color: #C7D6F7;
  outline: none;
}

.c8 {
  position: relative;
  z-index: 2;
  display: -webkit-box;
  display: -webkit-flex;
  display: -ms-flexbox;
  display: flex;
  -webkit-box-pack: center;
  -webkit-justify-content: center;
  -ms-flex-pack: center;
  justify-content: center;
  -webkit-align-items: center;
  -webkit-box-align: center;
  -ms-flex-align: center;
  align-items: center;
  -webkit-transform: translate3d(0,0,0.0625rem);
  -ms-transform: translate3d(0,0,0.0625rem);
  transform: translate3d(0,0,0.0625rem);
}

.c65 {
  display: -webkit-box;
  display: -webkit-flex;
  display: -ms-flexbox;
  display: flex;
  -webkit-flex-direction: column;
  -ms-flex-direction: column;
  flex-direction: column;
  background-color: #FFFFFF;
  box-shadow: 0 0 0.125rem 0rem rgba(0,0,0,0.15);
  border-radius: 0.25rem;
  box-sizing: border-box;
  padding: 1.5rem 1.5rem 1rem;
  overflow: visible;
  position: relative;
}

.c65 > * {
  min-width: 0;
  min-height: 0;
  overflow: visible;
}

.c66 {
  -webkit-transition: opacity 0.3s cubic-bezier(0.45,0.05,0,1);
  transition: opacity 0.3s cubic-bezier(0.45,0.05,0,1);
  opacity: 1;
  -webkit-flex: 1;
  -ms-flex: 1;
  flex: 1;
  position: relative;
  display: -webkit-box;
  display: -webkit-flex;
  display: -ms-flexbox;
  display: flex;
  -webkit-flex-direction: column;
  -ms-flex-direction: column;
  flex-direction: column;
}

.c84 {
  position: relative;
  height: 0;
  width: 100%;
  pointer-events: none;
}

.c47 {
  -webkit-text-decoration: none;
  text-decoration: none;
  cursor: default;
  -webkit-user-drag: none;
}

.c47:hover {
  cursor: pointer;
}

.c19 {
  border-radius: 4.125rem;
  height: 8.875rem;
  -webkit-transition: opacity 300ms cubic-bezier(0.45,0.05,0,1);
  transition: opacity 300ms cubic-bezier(0.45,0.05,0,1);
  position: relative;
  background-color: transparent !important;
  opacity: 1;
}

.c19:hover {
  opacity: 1;
  box-shadow: 0 0.9375rem 1.25rem rgba(180,180,180,0.3);
  cursor: pointer;
}

.c19:hover:active {
  opacity: 1;
  box-shadow: 0 0.9375rem 1.25rem rgba(180,180,180,0.3);
  cursor: pointer;
  -webkit-filter: drop-shadow(0 0.9375rem 1.25rem rgba(180,180,180,0.3));
  filter: drop-shadow(0 0.9375rem 1.25rem rgba(180,180,180,0.3));
}

.c43 {
  border-radius: 1.5625rem;
  height: 2.5rem;
  -webkit-transition: opacity 300ms cubic-bezier(0.45,0.05,0,1);
  transition: opacity 300ms cubic-bezier(0.45,0.05,0,1);
  position: relative;
  background-color: transparent !important;
  opacity: 1;
}

.c43:hover {
  opacity: 1;
  box-shadow: 0 0.9375rem 1.25rem rgba(180,180,180,0.3);
  cursor: pointer;
}

.c43:hover:active {
  opacity: 1;
  box-shadow: 0 0.9375rem 1.25rem rgba(180,180,180,0.3);
  cursor: pointer;
  -webkit-filter: drop-shadow(0 0.9375rem 1.25rem rgba(180,180,180,0.3));
  filter: drop-shadow(0 0.9375rem 1.25rem rgba(180,180,180,0.3));
}

.c38 {
  display: inline-block;
  position: static;
}

.c75 {
  display: inline-block;
  position: relative;
}

.c37 {
  position: relative;
  height: 100%;
  background-color: #FFFFFF;
  display: -webkit-box;
  display: -webkit-flex;
  display: -ms-flexbox;
  display: flex;
  -webkit-flex-direction: column;
  -ms-flex-direction: column;
  flex-direction: column;
  -webkit-box-pack: start;
  -webkit-justify-content: flex-start;
  -ms-flex-pack: start;
  justify-content: flex-start;
  font-family: Inter,sans-serif;
  font-size: 0.875rem;
  line-height: 1.3125rem;
  font-weight: 400;
  font-style: normal;
  color: #808080;
  border-right: 0.0625rem solid #F7F8FA;
  -webkit-transition: border 150ms cubic-bezier(0.45,0.05,0,1);
  transition: border 150ms cubic-bezier(0.45,0.05,0,1);
  padding-bottom: 0.875rem;
}

.c41 {
  -webkit-transition: opacity 0.3s cubic-bezier(0.45,0.05,0,1);
  transition: opacity 0.3s cubic-bezier(0.45,0.05,0,1);
  opacity: 1;
}

.c52 {
  -webkit-transition: opacity 0.3s cubic-bezier(0.45,0.05,0,1);
  transition: opacity 0.3s cubic-bezier(0.45,0.05,0,1);
  opacity: 0;
}

.c45 {
  margin-right: 1rem;
}

.c40 {
  position: absolute !important;
  z-index: 1100;
  background-color: #F6F8FE;
  top: -62.5rem;
  left: -62.5rem;
}

.c42 {
  width: 100%;
  display: -webkit-box;
  display: -webkit-flex;
  display: -ms-flexbox;
  display: flex;
  -webkit-align-items: center;
  -webkit-box-align: center;
  -ms-flex-align: center;
  align-items: center;
  padding: 1rem;
  margin-bottom: 2.375rem;
}

.c42:hover {
  cursor: pointer;
}

.c42:hover .c44 {
  box-shadow: 0 0.5rem 0.625rem 0.125rem 0 rgba(0,0,0,0.12);
}

.c46 {
  font-family: Inter,sans-serif;
  font-size: 0.875rem;
  line-height: 1.3125rem;
  font-weight: 600;
  font-style: normal;
  margin-top: 0.125rem;
  word-break: break-word;
  display: block;
  color: #474747;
}

.c53 {
  display: -webkit-box;
  display: -webkit-flex;
  display: -ms-flexbox;
  display: flex;
  -webkit-align-items: flex-start;
  -webkit-box-align: flex-start;
  -ms-flex-align: flex-start;
  align-items: flex-start;
  padding-left: 1rem;
  position: relative;
  overflow: hidden;
  height: -webkit-fit-content;
  height: -moz-fit-content;
  height: fit-content;
  -webkit-flex-direction: column;
  -ms-flex-direction: column;
  flex-direction: column;
  margin-top: 0.25rem;
  font-family: Inter,sans-serif;
  font-size: 0.75rem;
  line-height: 1.125rem;
  font-weight: 400;
  font-style: normal;
  color: #2D2D2D !important;
  margin-bottom: 0.9375rem;
}

.c53 svg {
  fill: #808080;
}

.c54 {
  font-family: Inter,sans-serif;
  font-size: 0.875rem;
  line-height: 1.3125rem;
  font-weight: 600;
  font-style: normal;
  margin-bottom: 0.5rem;
  display: block;
  overflow: hidden;
  text-overflow: ellipsis;
  width: 100%;
}

.c55 {
  white-space: pre;
}

.c25 {
  height: -webkit-fit-content;
  height: -moz-fit-content;
  height: fit-content;
  overflow: auto;
  position: relative;
}

.c28 {
  position: relative;
  z-index: 1000;
  display: -webkit-inline-box;
  display: -webkit-inline-flex;
  display: -ms-inline-flexbox;
  display: inline-flex;
  -webkit-align-items: center;
  -webkit-box-align: center;
  -ms-flex-align: center;
  align-items: center;
  margin-right: 1rem;
}

.c49 {
  position: relative;
  z-index: 1000;
  display: -webkit-inline-box;
  display: -webkit-inline-flex;
  display: -ms-inline-flexbox;
  display: inline-flex;
  -webkit-align-items: center;
  -webkit-box-align: center;
  -ms-flex-align: center;
  align-items: center;
  margin-right: 0.5rem;
}

.c30 {
  position: relative;
  z-index: 1000;
  margin: 0;
  display: block;
}

.c26 {
  display: -webkit-box;
  display: -webkit-flex;
  display: -ms-flexbox;
  display: flex;
  -webkit-align-items: center;
  -webkit-box-align: center;
  -ms-flex-align: center;
  align-items: center;
  position: relative;
  overflow: hidden;
  z-index: 0;
}

.c27 {
  padding: 1.5rem;
  height: 3.5rem;
  color: #808080 !important;
}

.c27 svg {
  fill: #808080;
}

.c27:hover {
  cursor: pointer;
  background-color: #ECF1FC;
  color: #4475E3 !important;
}

.c27:hover svg {
  fill: #4475E3;
}

.c27::before {
  content: '';
  height: 3rem;
  width: 0.5rem;
  border-radius: 0.25rem 0rem 0rem 0.25rem;
  position: absolute;
  left: 16rem;
  background-color: #4475E3;
  color: #4475E3;
  z-index: 100;
  display: none;
}

.c27 > .c29 {
  font-family: Inter,sans-serif;
  font-size: 0.875rem;
  line-height: 1.3125rem;
  font-weight: 400;
  font-style: normal;
}

.c50 {
  padding: 1rem;
  height: 2.5rem;
  margin-bottom: 0.5rem;
  color: #808080 !important;
}

.c50 svg {
  fill: #808080;
}

.c50:hover {
  cursor: pointer;
  background-color: #ECF1FC;
  color: #4475E3 !important;
}

.c50:hover svg {
  fill: #4475E3;
}

.c50::before {
  content: '';
  height: 2rem;
  width: 0.25rem;
  border-radius: 0.125rem 0rem 0rem 0.125rem;
  position: absolute;
  left: 11.75rem;
  background-color: #4475E3;
  color: #4475E3;
  z-index: 100;
  display: none;
}

.c50 > .c29 {
  font-family: Inter,sans-serif;
  font-size: 0.75rem;
  line-height: 1.125rem;
  font-weight: 400;
  font-style: normal;
}

.c48 {
  padding: 1rem;
  height: 2.5rem;
  margin-bottom: 0.5rem;
  color: #4475E3 !important;
}

.c48 svg {
  fill: #4475E3;
}

.c48:hover {
  cursor: pointer;
  background-color: #ECF1FC;
  color: #4475E3 !important;
}

.c48:hover svg {
  fill: #4475E3;
}

.c48::before {
  content: '';
  height: 2rem;
  width: 0.25rem;
  border-radius: 0.125rem 0rem 0rem 0.125rem;
  position: absolute;
  left: 11.75rem;
  background-color: #4475E3;
  color: #4475E3;
  z-index: 100;
  display: block;
}

.c48 > .c29 {
  font-family: Inter,sans-serif;
  font-size: 0.75rem;
  line-height: 1.125rem;
  font-weight: 600;
  font-style: normal;
}

.c51 {
  margin-top: auto;
}

.c3 {
  display: -webkit-box;
  display: -webkit-flex;
  display: -ms-flexbox;
  display: flex;
  -webkit-flex-direction: column;
  -ms-flex-direction: column;
  flex-direction: column;
  -webkit-align-items: stretch;
  -webkit-box-align: stretch;
  -ms-flex-align: stretch;
  align-items: stretch;
  height: 100%;
  width: 100%;
}

.c4 {
  -webkit-flex: 1;
  -ms-flex: 1;
  flex: 1;
  display: -webkit-box;
  display: -webkit-flex;
  display: -ms-flexbox;
  display: flex;
  -webkit-flex-direction: column;
  -ms-flex-direction: column;
  flex-direction: column;
  -webkit-align-items: center;
  -webkit-box-align: center;
  -ms-flex-align: center;
  align-items: center;
  -webkit-box-pack: center;
  -webkit-justify-content: center;
  -ms-flex-pack: center;
  justify-content: center;
}

.c24 {
  -webkit-transform: translate(-1.5rem,-0.5rem);
  -ms-transform: translate(-1.5rem,-0.5rem);
  transform: translate(-1.5rem,-0.5rem);
  width: 16.5rem;
  display: none;
}

.c31 {
  display: -webkit-box;
  display: -webkit-flex;
  display: -ms-flexbox;
  display: flex;
  -webkit-align-items: center;
  -webkit-box-align: center;
  -ms-flex-align: center;
  align-items: center;
  -webkit-box-pack: center;
  -webkit-justify-content: center;
  -ms-flex-pack: center;
  justify-content: center;
  gap: 1rem;
}

.c31 > svg {
  fill: #4475E3;
}

.c22 {
  position: absolute;
  left: 3rem;
  bottom: 2rem;
  display: -webkit-box;
  display: -webkit-flex;
  display: -ms-flexbox;
  display: flex;
  -webkit-flex-direction: column;
  -ms-flex-direction: column;
  flex-direction: column;
  -webkit-align-items: flex-start;
  -webkit-box-align: flex-start;
  -ms-flex-align: flex-start;
  align-items: flex-start;
  color: #2D2D2D;
}

.c22:hover .c23 {
  display: block;
}

.c32 {
  display: -webkit-box;
  display: -webkit-flex;
  display: -ms-flexbox;
  display: flex;
  -webkit-align-items: center;
  -webkit-box-align: center;
  -ms-flex-align: center;
  align-items: center;
  -webkit-box-pack: center;
  -webkit-justify-content: center;
  -ms-flex-pack: center;
  justify-content: center;
  gap: 0.75rem;
}

.c33 {
  font-family: Inter,sans-serif;
  font-size: 1.125rem;
  line-height: 1.625rem;
  font-weight: 600;
  font-style: normal;
}

.c35 {
  font-family: Inter,sans-serif;
  font-size: 1rem;
  line-height: 1.5rem;
  font-weight: 400;
  font-style: normal;
}

.c34 {
  height: 1.25rem;
  border-left: 0.0625rem solid #A1A1A1;
}

.c5 {
  width: 100%;
  height: 100%;
  background-color: #F7F8FA;
  display: -webkit-box;
  display: -webkit-flex;
  display: -ms-flexbox;
  display: flex;
  -webkit-align-items: center;
  -webkit-box-align: center;
  -ms-flex-align: center;
  align-items: center;
  -webkit-box-pack: center;
  -webkit-justify-content: center;
  -ms-flex-pack: center;
  justify-content: center;
  overflow: auto;
}

.c7 {
  margin-top: 5.9375rem;
  height: 0;
}

.c10 {
  min-width: 70rem;
  max-width: 70rem;
  color: #474747;
  display: -webkit-box;
  display: -webkit-flex;
  display: -ms-flexbox;
  display: flex;
  -webkit-flex-direction: column;
  -ms-flex-direction: column;
  flex-direction: column;
  -webkit-align-items: center;
  -webkit-box-align: center;
  -ms-flex-align: center;
  align-items: center;
  -webkit-box-pack: justify;
  -webkit-justify-content: space-between;
  -ms-flex-pack: justify;
  justify-content: space-between;
  padding-top: 2.125rem;
}

.c11 {
  display: -webkit-box;
  display: -webkit-flex;
  display: -ms-flexbox;
  display: flex;
  width: 100%;
  -webkit-box-pack: justify;
  -webkit-justify-content: space-between;
  -ms-flex-pack: justify;
  justify-content: space-between;
  -webkit-align-items: center;
  -webkit-box-align: center;
  -ms-flex-align: center;
  align-items: center;
  margin-bottom: 4.25rem;
  padding-top: 0.3125rem;
}

.c14 {
  display: -webkit-box;
  display: -webkit-flex;
  display: -ms-flexbox;
  display: flex;
  -webkit-box-pack: start;
  -webkit-justify-content: flex-start;
  -ms-flex-pack: start;
  justify-content: flex-start;
  -webkit-align-items: center;
  -webkit-box-align: center;
  -ms-flex-align: center;
  align-items: center;
}

.c15 {
  min-width: 70rem;
  max-width: 70rem;
  display: -webkit-box;
  display: -webkit-flex;
  display: -ms-flexbox;
  display: flex;
  overflow-x: hidden;
  margin-bottom: 1.875rem;
}

.c16 {
  display: -webkit-box;
  display: -webkit-flex;
  display: -ms-flexbox;
  display: flex;
  -webkit-box-pack: start;
  -webkit-justify-content: flex-start;
  -ms-flex-pack: start;
  justify-content: flex-start;
  -webkit-align-items: center;
  -webkit-box-align: center;
  -ms-flex-align: center;
  align-items: center;
  white-space: nowrap;
  -webkit-transform: translateX(0%);
  -ms-transform: translateX(0%);
  transform: translateX(0%);
  -webkit-transition: -webkit-transform 0.3s cubic-bezier(0.45,0.05,0,1);
  -webkit-transition: transform 0.3s cubic-bezier(0.45,0.05,0,1);
  transition: transform 0.3s cubic-bezier(0.45,0.05,0,1);
}

.c17 {
  min-width: 70rem;
  max-width: 70rem;
  display: -webkit-box;
  display: -webkit-flex;
  display: -ms-flexbox;
  display: flex;
  -webkit-flex-wrap: wrap;
  -ms-flex-wrap: wrap;
  flex-wrap: wrap;
  -webkit-box-pack: center;
  -webkit-justify-content: center;
  -ms-flex-pack: center;
  justify-content: center;
  -webkit-align-items: center;
  -webkit-box-align: center;
  -ms-flex-align: center;
  align-items: center;
  margin: auto;
  min-height: 27.25rem;
  row-gap: 1rem;
}

.c12 {
  font-family: Inter,sans-serif;
  font-size: 1.5rem;
  line-height: 2.0125rem;
  font-weight: 600;
  font-style: normal;
  margin-left: 2.5rem;
}

.c18 {
  position: relative;
  display: -webkit-box;
  display: -webkit-flex;
  display: -ms-flexbox;
  display: flex;
  -webkit-flex-direction: column;
  -ms-flex-direction: column;
  flex-direction: column;
  -webkit-align-items: center;
  -webkit-box-align: center;
  -ms-flex-align: center;
  align-items: center;
  width: 9rem;
  height: 14.1875rem;
  padding-top: 0.25rem;
  margin: 0 2.5rem 0.5rem;
}

.c20 {
  font-family: Inter,sans-serif;
  font-size: 1.125rem;
  line-height: 1.6875rem;
  font-weight: 400;
  font-style: normal;
  margin-top: 1.625rem;
  text-align: center;
  max-width: 9rem;
  display: block;
  display: -webkit-box;
  height: -webkit-fit-content;
  height: -moz-fit-content;
  height: fit-content;
  word-wrap: break-word;
  -webkit-line-clamp: 2;
  -webkit-box-orient: vertical;
  overflow: hidden;
  text-overflow: ellipsis;
  white-space: break-spaces;
}

.c21 {
  font-family: Inter,sans-serif;
  font-size: 0.875rem;
  line-height: 1.3125rem;
  font-weight: 400;
  font-style: normal;
  color: #4475E3;
}

.c61 {
  display: -webkit-box;
  display: -webkit-flex;
  display: -ms-flexbox;
  display: flex;
  -webkit-align-items: center;
  -webkit-box-align: center;
  -ms-flex-align: center;
  align-items: center;
  gap: 0.5rem;
}

.c61:hover {
  cursor: pointer;
}

.c59 {
  margin-top: 1.875rem;
  margin-bottom: 0.75rem;
}

.c59[data-collapsed] + .c58 {
  margin-top: 0;
}

.c60 {
  display: -webkit-box;
  display: -webkit-flex;
  display: -ms-flexbox;
  display: flex;
  -webkit-align-items: center;
  -webkit-box-align: center;
  -ms-flex-align: center;
  align-items: center;
  -webkit-box-pack: justify;
  -webkit-justify-content: space-between;
  -ms-flex-pack: justify;
  justify-content: space-between;
  min-height: 1.5rem;
}

.c62 {
  margin-top: 1rem;
}

.c67 {
  position: relative;
}

.c68 {
  height: 12.75rem;
  margin: -1.5rem;
  width: calc(100% + 3rem);
  object-fit: cover;
}

.c69 {
  margin-top: 4.375rem;
  margin-bottom: 1.5rem;
}

.c69 h3 {
  margin-bottom: 0.4375rem;
}

.c69 span {
  color: rgba(0,0,0,0.6);
  font-size: 0.875rem;
}

.c71 {
  height: 100%;
  box-sizing: border-box;
  border-radius: 0.25rem;
  box-shadow: 0 0 0.125rem 0rem rgba(0,0,0,0.15);
  background-color: #FFFFFF;
  padding: 1.5rem 1.5rem 1rem;
}

.c72 {
  display: -webkit-box;
  display: -webkit-flex;
  display: -ms-flexbox;
  display: flex;
  -webkit-align-items: center;
  -webkit-box-align: center;
  -ms-flex-align: center;
  align-items: center;
  -webkit-align-content: center;
  -ms-flex-line-pack: center;
  align-content: center;
  -webkit-box-pack: justify;
  -webkit-justify-content: space-between;
  -ms-flex-pack: justify;
  justify-content: space-between;
}

.c73 svg {
  margin-left: 0.25rem;
  margin-bottom: -0.25rem;
}

.c74 {
  font-family: Inter,sans-serif;
  font-size: 1.125rem;
  line-height: 1.4375rem;
  font-weight: 600;
  font-style: normal;
  color: #474747;
  display: inline-block;
  margin: 0;
}

.c76 {
  padding-top: 1.5rem;
}

.c77 {
  font-weight: 600;
  font-size: 2.8125rem;
  color: #474747;
}

.c79 {
  display: -webkit-box;
  display: -webkit-flex;
  display: -ms-flexbox;
  display: flex;
  -webkit-column-gap: 10px;
  column-gap: 10px;
  -webkit-align-items: center;
  -webkit-box-align: center;
  -ms-flex-align: center;
  align-items: center;
  -webkit-box-pack: start;
  -webkit-justify-content: flex-start;
  -ms-flex-pack: start;
  justify-content: flex-start;
}

.c80 {
  width: 10px;
  height: 10px;
  border-radius: 100rem;
  background-color: #DBDBDB;
}

.c81 {
  font-weight: 600;
  font-size: 2.8125rem;
  color: #474747;
}

.c57 {
  margin: 0 50px;
}

.c0 {
  width: 100%;
  height: 100%;
  padding: 0;
  -webkit-transition: 1.4s cubic-bezier(0.45,0.05,0,1);
  transition: 1.4s cubic-bezier(0.45,0.05,0,1);
  -webkit-transform: translateY(-100%);
  -ms-transform: translateY(-100%);
  transform: translateY(-100%);
}

.c1 {
  width: 100%;
  height: 100%;
  display: -webkit-box;
  display: -webkit-flex;
  display: -ms-flexbox;
  display: flex;
  background-color: #F7F8FA;
}

.c2 {
  overflow: auto;
  -webkit-flex-direction: column;
  -ms-flex-direction: column;
  flex-direction: column;
}

.c36 {
  position: relative;
  z-index: 1;
}

.c56 {
  min-height: unset;
  -webkit-flex: 1;
  -ms-flex: 1;
  flex: 1;
  overflow: auto;
  position: relative;
}

@media screen and (min-width:64rem) {
  .c63 {
    grid-template-columns: repeat(2,1fr);
  }
}

@media screen and (min-width:90rem) {
  .c63 {
    grid-template-columns: repeat(4,1fr);
  }
}

<div
  class="c0"
  data-testid="main-layout"
>
  <div
    class="c1 c2"
  >
    <div
      class="c3"
    >
      <div
        class="c4"
      >
        <div
          class=""
        >
          <div
            class="c5"
          >
            <button
              aria-label="Previous Study"
              class="c6 c7"
              disabled=""
              fill="text"
              style="overflow: hidden; position: relative;"
              width="80"
            >
              <div
                class="c8"
                data-testid="content"
              >
                <svg />
              </div>
              <div
                class="c9"
                color="primaryLightPressed"
                opacity="1,1"
                scale="0"
                style="display: none; width: 0rem; height: 0rem; top: 0rem; left: 0rem;"
              />
            </button>
            <div
              class="c10"
            >
              <div
                class="c11"
              >
                <div
                  class="c12"
                >
                  Study Collection
                </div>
                <button
                  class="c13"
                  fill="text"
                  width="246"
                >
                  <div
                    class="c8"
                    data-testid="content"
                  >
                    <svg />
                    Create Study
                  </div>
                </button>
              </div>
              <div
                class="c14"
              >
                <div
                  class="c15"
                >
                  <div
                    class="c16"
                  >
                    <div
                      class="c17"
                    >
                      <div
                        class="c18"
                      >
                        <div
                          class="c19"
                          color="black"
                        >
                          <svg
                            data-testid="avatar-icon"
                            fill="#000000"
                          />
                        </div>
                        <div
                          class="c20"
                        >
                          test
                        </div>
                      </div>
                    </div>
                  </div>
                </div>
              </div>
              <div
                class="c21"
              >
                 
              </div>
            </div>
            <button
              aria-label="Next Study"
              class="c6 c7"
              disabled=""
              fill="text"
              style="overflow: hidden; position: relative;"
              width="80"
            >
              <div
                class="c8"
                data-testid="content"
              >
                <svg />
              </div>
              <div
                class="c9"
                color="primaryLightPressed"
                opacity="1,1"
                scale="0"
                style="display: none; width: 0rem; height: 0rem; top: 0rem; left: 0rem;"
              />
            </button>
          </div>
        </div>
      </div>
      <div
        class="c22"
      >
        <div
          class="c23 c24"
        >
          <div
            class="c25"
          >
            <div
              class="c26 c27"
              data-testid="user-profile-signout-action"
            >
              <div
                class="c28"
              >
                <svg />
              </div>
              <p
                class="c29 c30"
              >
                Sign out
              </p>
              <div
                class="c9"
                color="primaryLightPressed"
                opacity="1,1"
                scale="0"
                style="display: none; width: 0rem; height: 0rem; top: 0rem; left: 0rem;"
              />
            </div>
          </div>
        </div>
        <div
          class="c31"
        >
          <svg />
          <div
            class="c32"
          >
            <span
              class="c33"
            />
            <span
              class="c34"
            />
            <span
              class="c35"
            >
              Team Member
            </span>
          </div>
        </div>
      </div>
    </div>
  </div>
  <div
    class="c1 c36"
  >
    <div
      class="c37"
      id="sidebar"
      style="width: 12rem; padding-top: 1.625rem;"
    >
      <span
        class="c38"
        data-testid="tooltip-container"
      />
      <button
        aria-label="Resize"
        class="c39 c40"
        data-testid="resize-button"
        fill="text"
        style="overflow: hidden; position: relative;"
      >
        <div
          class="c8"
          data-testid="content"
        >
          <svg />
        </div>
        <div
          class="c9"
          color="primaryLightPressed"
          opacity="1,1"
          scale="0"
          style="display: none; width: 0rem; height: 0rem; top: 0rem; left: 0rem;"
        />
      </button>
      <div
        class="c41 c42"
      >
        <div
          class="c43 c44 c45"
          color="black"
        >
          <svg
            data-testid="avatar-icon"
            fill="#000000"
          />
        </div>
        <div
          class="c46"
        >
          test
        </div>
      </div>
      <div
        class="c25"
      >
        <a
          class="c47"
          href="/overview"
        >
          <div
            class="c26 c48"
          >
            <div
              class="c49"
            >
              <svg />
            </div>
            <p
              class="c29 c30"
            >
              Overview
            </p>
            <div
              class="c9"
              color="primaryLightPressed"
              opacity="1,1"
              scale="0"
              style="display: none; width: 0rem; height: 0rem; top: 0rem; left: 0rem;"
            />
          </div>
        </a>
        <a
          class="c47"
          href="/dashboard"
        >
          <div
            class="c26 c50"
          >
            <div
              class="c49"
            >
              <svg />
            </div>
            <p
              class="c29 c30"
            >
              Dashboard
            </p>
            <div
              class="c9"
              color="primaryLightPressed"
              opacity="1,1"
              scale="0"
              style="display: none; width: 0rem; height: 0rem; top: 0rem; left: 0rem;"
            />
          </div>
        </a>
        <a
          class="c47"
          href="/task-management"
        >
          <div
            class="c26 c50"
          >
            <div
              class="c49"
            >
              <svg />
            </div>
            <p
              class="c29 c30"
            >
              Task
            </p>
            <div
              class="c9"
              color="primaryLightPressed"
              opacity="1,1"
              scale="0"
              style="display: none; width: 0rem; height: 0rem; top: 0rem; left: 0rem;"
            />
          </div>
        </a>
        <a
          class="c47"
          href="/subject-management"
        >
          <div
            class="c26 c50"
          >
            <div
              class="c49"
            >
              <svg />
            </div>
            <p
              class="c29 c30"
            >
              Subject
            </p>
            <div
              class="c9"
              color="primaryLightPressed"
              opacity="1,1"
              scale="0"
              style="display: none; width: 0rem; height: 0rem; top: 0rem; left: 0rem;"
            />
          </div>
        </a>
        <a
          class="c47"
          href="/study-data"
        >
          <div
            class="c26 c50"
          >
            <div
              class="c49"
            >
              <svg />
            </div>
            <p
              class="c29 c30"
            >
              Study Data
            </p>
            <div
              class="c9"
              color="primaryLightPressed"
              opacity="1,1"
              scale="0"
              style="display: none; width: 0rem; height: 0rem; top: 0rem; left: 0rem;"
            />
          </div>
        </a>
        <a
          class="c47"
          href="/educational-management"
        >
          <div
            class="c26 c50"
          >
            <div
              class="c49"
            >
              <svg />
            </div>
            <p
              class="c29 c30"
            >
              Education
            </p>
            <div
              class="c9"
              color="primaryLightPressed"
              opacity="1,1"
              scale="0"
              style="display: none; width: 0rem; height: 0rem; top: 0rem; left: 0rem;"
            />
          </div>
        </a>
        <a
          class="c47"
          href="/lab-visit"
        >
          <div
            class="c26 c50"
          >
            <div
              class="c49"
            >
              <svg />
            </div>
            <p
              class="c29 c30"
            >
              In Lab Visit
            </p>
            <div
              class="c9"
              color="primaryLightPressed"
              opacity="1,1"
              scale="0"
              style="display: none; width: 0rem; height: 0rem; top: 0rem; left: 0rem;"
            />
          </div>
        </a>
        <a
          class="c47"
          href="/study-settings"
        >
          <div
            class="c26 c50"
          >
            <div
              class="c49"
            >
              <svg />
            </div>
            <p
              class="c29 c30"
            >
              Study Settings
            </p>
            <div
              class="c9"
              color="primaryLightPressed"
              opacity="1,1"
              scale="0"
              style="display: none; width: 0rem; height: 0rem; top: 0rem; left: 0rem;"
            />
          </div>
        </a>
        <a
          class="c47"
          href="/data-statistics"
        >
          <div
            class="c26 c50"
          >
            <div
              class="c49"
            >
              <svg />
            </div>
            <p
              class="c29 c30"
            >
              Data Statistics
            </p>
            <div
              class="c9"
              color="primaryLightPressed"
              opacity="1,1"
              scale="0"
              style="display: none; width: 0rem; height: 0rem; top: 0rem; left: 0rem;"
            />
          </div>
        </a>
      </div>
      <div
        class="c51"
      >
        <div
          class="c25"
        >
          <div
            class="c26 c50"
            data-testid="user-profile-signout-action"
          >
            <div
              class="c49"
            >
              <svg />
            </div>
            <p
              class="c29 c30"
            >
              Sign out
            </p>
            <div
              class="c9"
              color="primaryLightPressed"
              opacity="1,1"
              scale="0"
              style="display: none; width: 0rem; height: 0rem; top: 0rem; left: 0rem;"
            />
          </div>
        </div>
        <div
          class="c52 c53"
        >
          <div
            class="c54"
          />
          <div
            class="c55"
          />
        </div>
      </div>
    </div>
    <div
      class="c56"
      style="webkit-overflow-scrolling: touch;"
    >
      <div
        class="c57"
        data-testid="overview"
      >
        <div
          class="c58 c59"
        >
          <div
            class="c60"
          >
            <div
              class="c61"
              data-testid="collapse-button"
            >
              <div
                class=""
                data-testid="collapse-title"
              >
                Study Overview
              </div>
              <div
                class=""
              >
                <svg />
              </div>
            </div>
          </div>
          <div
            class="c62"
            data-testid="collapse-body"
          >
            <div
              class="c63"
              role="container"
            >
              <div
                class="c64"
                role="container"
              >
                <div
                  class="c65"
                  style="height: 50rem;"
                >
                  <div
                    class="c66"
                    data-testid="card-content"
                  >
                    <div
                      class="c67"
                    >
                      <img
                        alt="study image"
                        class="c68"
                        src=""
                      />
                    </div>
                    <div
                      class="c69"
                    >
                      <h3>
                        -
                      </h3>
                      <span>
                        -
                      </span>
                    </div>
                    <div
                      class=""
                    />
                  </div>
                </div>
              </div>
              <div
                class="c70"
                role="container"
              >
                <div
                  class="c71"
                >
                  <div
                    class="c72"
                  >
                    <div
                      class="c73"
                    >
                      <p
                        class="c74"
                      >
                        Total duration
                      </p>
                      <span
                        class="c75"
                        data-testid="tooltip-container"
                      >
                        <svg />
                      </span>
                    </div>
                    <div
                      class=""
                    />
                  </div>
                  <div
                    class="c76"
                  >
                    <span
                      class="c77"
                    >
                      -
                    </span>
                  </div>
                </div>
              </div>
              <div
                class="c78"
                role="container"
              >
                <div
                  class="c71"
                >
                  <div
                    class="c72"
                  >
                    <div
                      class="c73"
                    >
                      <p
                        class="c74"
                      >
                        Stage
                      </p>
                    </div>
                    <div
                      class=""
                    />
                  </div>
                  <div
                    class="c76"
                  >
                    <div
                      class="c79"
                    >
                      <div
                        class="c80"
                        color="#DBDBDB"
                      />
                      <span
                        class="c81"
                      >
                        -
                      </span>
                    </div>
                  </div>
                </div>
              </div>
              <div
                class="c82"
                role="container"
              >
                <div
                  class="c71"
                >
                  <div
                    class="c72"
                  >
                    <div
                      class="c73"
                    >
                      <p
                        class="c74"
                      >
                        Investigator
                      </p>
                    </div>
                    <div
                      class=""
                    >
                      <a
                        class="c47"
                        href="/study-settings"
                      >
                        View detail
                      </a>
                    </div>
                  </div>
                  <div
                    class="c76"
                  >
                    <div
                      class=""
                    />
                  </div>
                </div>
              </div>
              <div
                class="c83"
                role="container"
              >
                <div
                  class="c71"
                >
                  <div
                    class="c72"
                  >
                    <div
                      class="c73"
                    >
                      <p
                        class="c74"
                      >
                        Subject
                      </p>
                    </div>
                    <div
                      class=""
                    >
                      <a
                        class="c47"
                        href="/subject-management"
                      >
                        View detail
                      </a>
                    </div>
                  </div>
                  <div
                    class="c76"
                  >
                    <div
                      class=""
                    />
                  </div>
                </div>
              </div>
            </div>
          </div>
        </div>
      </div>
      <div
        class="c84"
      />
    </div>
  </div>
</div>
`;
