// Jest Snapshot v1, https://goo.gl/fbAQLP

exports[`GroupedBarChart should render 1`] = `
.c1 > .tick > text {
  font-family: Inter,sans-serif;
  font-size: 0.625rem;
  line-height: 0.9375rem;
  font-weight: 400;
  font-style: normal;
}

.c2 > .tick > text {
  font-family: Inter,sans-serif;
  font-size: 0.625rem;
  line-height: 0.9375rem;
  font-weight: 400;
  font-style: normal;
}

.c0 .xAxis .tick line {
  stroke-opacity: 1;
  stroke: #F0F0F0;
}

.c0 .xAxis .tick:last-child line {
  stroke-dasharray: 1;
}

.c0 .xAxis .tick line {
  stroke-dasharray: 2;
}

.c0 .xAxis .tick text {
  font-family: Inter,sans-serif;
  font-size: 0.625rem;
  line-height: 0.9375rem;
  font-weight: 400;
  font-style: normal;
  color: #474747;
}

.c0 .yAxis .tick line {
  stroke-opacity: 1;
  stroke: #F0F0F0;
}

.c0 .yAxis .tick:first-child line,
.c0 .yAxis .tick:last-child line {
  stroke-dasharray: 1;
}

.c0 .yAxis .tick line {
  stroke-dasharray: 2;
}

.c0 .yAxis .tick text {
  font-family: Inter,sans-serif;
  font-size: 0.625rem;
  line-height: 0.9375rem;
  font-weight: 400;
  font-style: normal;
  color: #474747;
}

<body>
  <div>
    <svg
      class="c0"
      height="1000"
      width="1000"
    >
      <g
        class="c1 xAxis undefined"
        fill="none"
        font-family="sans-serif"
        font-size="10"
        text-anchor="middle"
        transform="translate(0, 964)"
      >
        <g
          class="tick"
          opacity="1"
          transform="translate(520.5,0)"
        >
          <line
            stroke="currentColor"
            transform="translate(-467.5, 0)"
            y2="-964"
          />
          <text
            dy="0em"
            fill="currentColor"
            style="text-anchor: start;"
            transform="translate(-467.5, 0)"
            y="24"
          >
            test
          </text>
        </g>
      </g>
      <g
        class="c2 yAxis"
        fill="none"
        font-family="sans-serif"
        font-size="10"
        text-anchor="start"
        transform="translate(53,0)"
      >
        <g
          class="tick"
          opacity="1"
          transform="translate(0,482.5)"
        >
          <line
            stroke="currentColor"
            x2="935"
          />
          <text
            dy="0.32em"
            fill="currentColor"
            x="-8"
            y="1"
          >
            0
          </text>
        </g>
      </g>
      <g
        class="bars"
      >
        <rect
          fill="#4475E3"
          height="0"
          width="0"
          x="520.5"
          y="482"
        />
      </g>
      <line
        class="rightChartBorder"
        style="stroke: #2D2D2D; stroke-width: 1; stroke-dasharray: 1; stroke-opacity: 0.2;"
        x1="988"
        x2="988"
        y1="0"
        y2="964"
      />
    </svg>
  </div>
</body>
`;
