// Jest Snapshot v1, https://goo.gl/fbAQLP

exports[`ScatterChart should render 1`] = `
.c9 {
  display: inline-block;
  position: relative;
}

.c3 .xAxis .tick line {
  opacity: 0;
}

.c3 .xAxis .tick:first-child text {
  text-anchor: start;
}

.c3 .xAxis .tick:last-child text {
  text-anchor: end;
}

.c3 .yAxis .tick line {
  stroke: #F0F0F0;
}

.c3 .context {
  opacity: 0;
  -webkit-transition: opacity 0.3s cubic-bezier(0.45,0.05,0,1);
  transition: opacity 0.3s cubic-bezier(0.45,0.05,0,1);
}

.c3 .context .brushX .overlay {
  fill: #4475E3;
  fill-opacity: 0.1;
  pointer-events: none;
  height: 0.25rem;
}

.c3 .context .brushX .selection {
  fill: #4475E3;
  fill-opacity: 1;
  height: 1.375rem;
  fill: url(#horizontalGradient);
}

.c3 .context .brushX .handle {
  stroke-width: 0.0625rem;
  stroke: #4475E3;
  stroke-opacity: 0.3;
  fill: #FFFFFF;
  height: 1.375rem;
  width: 0.375rem;
}

.c3 .context .brushY .overlay {
  fill: #4475E3;
  fill-opacity: 0.1;
  pointer-events: none;
  width: 0.25rem;
}

.c3 .context .brushY .selection {
  fill: #4475E3;
  fill-opacity: 1;
  width: 1.375rem;
  fill: url(#verticalGradient);
}

.c3 .context .brushY .handle {
  stroke-width: 0.0625rem;
  stroke: #4475E3;
  stroke-opacity: 0.3;
  fill: #FFFFFF;
  height: 0.375rem;
  width: 1.375rem;
}

.c3 .focus {
  cursor: move;
}

.c3 .line {
  -webkit-clip-path: url(#clip);
  clip-path: url(#clip);
  -webkit-transition: stroke-opacity 0.3s cubic-bezier(0.45,0.05,0,1);
  transition: stroke-opacity 0.3s cubic-bezier(0.45,0.05,0,1);
}

.c3 .area {
  -webkit-clip-path: url(#clip);
  clip-path: url(#clip);
  -webkit-transition: fill-opacity 0.3s cubic-bezier(0.45,0.05,0,1);
  transition: fill-opacity 0.3s cubic-bezier(0.45,0.05,0,1);
}

.c3 .dots {
  -webkit-clip-path: url(#clip);
  clip-path: url(#clip);
}

.c3 .dots .dot {
  -webkit-transition: fill-opacity 0.3s cubic-bezier(0.45,0.05,0,1);
  transition: fill-opacity 0.3s cubic-bezier(0.45,0.05,0,1);
}

.c5 > .tick > text {
  font-family: Inter,sans-serif;
  font-size: 0.625rem;
  line-height: 0.9375rem;
  font-weight: 400;
  font-style: normal;
}

.c6 > .tick > text {
  font-family: Inter,sans-serif;
  font-size: 0.625rem;
  line-height: 0.9375rem;
  font-weight: 400;
  font-style: normal;
}

.c1 {
  background: none;
  border: none;
  padding: 0;
  height: 1.5rem;
  width: 1.5rem;
}

.c1 svg {
  fill: #808080;
}

.c1:active,
.c1:enabled:hover {
  cursor: pointer;
}

.c1:active svg,
.c1:enabled:hover svg {
  fill: #808080;
}

.c1:disabled svg {
  fill: #DBDBDB;
}

.c7 {
  position: absolute;
  top: -4.625rem;
  right: 0;
  display: inline-grid;
  grid-template-columns: 1.5rem 1.5rem;
  grid-gap: 0.5rem;
  z-index: 100;
  height: 1.5rem;
}

.c8 {
  cursor: default;
}

.c8 svg {
  fill: #DBDBDB;
}

.c10 {
  cursor: pointer;
}

.c10 svg {
  fill: #474747;
}

.c10 svg:active {
  fill: #4475E3;
}

.c0 {
  position: relative;
}

.c2 {
  display: -webkit-box;
  display: -webkit-flex;
  display: -ms-flexbox;
  display: flex;
  -webkit-box-pack: center;
  -webkit-justify-content: center;
  -ms-flex-pack: center;
  justify-content: center;
  -webkit-align-items: center;
  -webkit-box-align: center;
  -ms-flex-align: center;
  align-items: center;
  width: 1.5rem;
  height: 1.5rem;
  position: absolute;
  right: 0.25rem;
  top: 0.25rem;
  border-radius: 0.25rem;
  opacity: 0;
  pointer-events: none;
  -webkit-transition: opacity 0.3s cubic-bezier(0.45,0.05,0,1);
  transition: opacity 0.3s cubic-bezier(0.45,0.05,0,1);
  cursor: default;
}

.c4 .zoomRect {
  stroke: #000000;
  fill: transparent;
}

.c4 .focus {
  fill: none;
}

.c4 .focus .zoom {
  pointer-events: none;
}

<body>
  <div>
    <div
      class=""
      height="1000"
      style="width: 62.5rem; height: 62.5rem; position: relative;"
      width="1000"
    >
      <div
        class="c0"
      >
        <button
          aria-label="Zoom Out"
          class="c1 c2"
          color="textSecondaryGray"
        >
          <svg
            data-testid="icon"
          />
        </button>
        <svg
          class="c3 c4"
          viewBox="0, 0, 1000, 1000"
        >
          <g
            class="c5 xAxis undefined"
            fill="none"
            font-family="sans-serif"
            font-size="10"
            text-anchor="middle"
            transform="translate(0, 976)"
          >
            <g
              class="tick"
              opacity="1"
              transform="translate(505.5,0)"
            >
              <line
                stroke="currentColor"
                y2="-971"
              />
              <text
                dy="0em"
                fill="currentColor"
                y="20"
              >
                30 yrs
              </text>
            </g>
          </g>
          <g
            class="c6 yAxis"
            fill="none"
            font-family="sans-serif"
            font-size="10"
            text-anchor="start"
            transform="translate(22,0)"
          >
            <g
              class="tick"
              opacity="1"
              transform="translate(0,491)"
            >
              <line
                stroke="currentColor"
                x2="966"
              />
              <text
                dy="0.32em"
                fill="currentColor"
                x="-20"
              >
                150
              </text>
            </g>
          </g>
          <path
            class="line"
            d="M505,490.5L505,490.5"
            data-testid="line-test"
            fill="none"
            id="line-test"
            stroke="#4475E3"
            stroke-opacity="0"
            stroke-width="2"
          />
          <g
            class="focus"
            style="cursor: grab;"
          >
            <rect
              fill="transparent"
              height="971"
              transform="translate(22, 5)"
              width="966"
            />
            <rect
              class="zoom"
              height="971"
              transform="translate(22, 5)"
              width="966"
            />
            <g
              class="dots"
            >
              <circle
                class="dot"
                cursor="pointer"
                data-testid="dot-0"
                fill="#4475E3"
                fill-opacity="1"
                id="dot-0"
                pointer-events="all"
                r="4"
                transform="translate(505,490.5)"
              />
            </g>
          </g>
          <defs>
            <lineargradient
              id="horizontalGradient"
              x1="0"
              x2="0"
              y1="0"
              y2="1"
            >
              <stop
                offset="0%"
                stop-color="transparent"
              />
              <stop
                offset="41%"
                stop-color="transparent"
              />
              <stop
                offset="41%"
                stop-color="#4475E3"
              />
              <stop
                offset="50%"
                stop-color="#4475E3"
              />
              <stop
                offset="59%"
                stop-color="#4475E3"
              />
              <stop
                offset="59%"
                stop-color="transparent"
              />
              <stop
                offset="100%"
                stop-color="transparent"
              />
            </lineargradient>
            <lineargradient
              id="verticalGradient"
            >
              <stop
                offset="0%"
                stop-color="transparent"
              />
              <stop
                offset="41%"
                stop-color="transparent"
              />
              <stop
                offset="41%"
                stop-color="#4475E3"
              />
              <stop
                offset="50%"
                stop-color="#4475E3"
              />
              <stop
                offset="59%"
                stop-color="#4475E3"
              />
              <stop
                offset="59%"
                stop-color="transparent"
              />
              <stop
                offset="100%"
                stop-color="transparent"
              />
            </lineargradient>
            <clippath
              id="clip"
              transform="translate(22, 5)"
            >
              <rect
                height="971"
                width="966"
              />
            </clippath>
          </defs>
          <g
            class="context"
            display="none"
          >
            <g
              class="brushX"
              fill="none"
              pointer-events="all"
            >
              <rect
                class="overlay"
                cursor="crosshair"
                height="4"
                pointer-events="all"
                transform="translate(0, -1)"
                width="966"
                x="22"
                y="0.5"
              />
              <rect
                class="selection"
                cursor="move"
                fill="#777"
                fill-opacity="0.3"
                height="4"
                shape-rendering="crispEdges"
                stroke="#fff"
                style=""
                transform="translate(0, -10)"
                width="966"
                x="22"
                y="0.5"
              />
              <rect
                class="handle handle--w"
                cursor="ew-resize"
                height="10"
                rx="1"
                style=""
                transform="translate(0, -7)"
                width="6"
                x="19"
                y="-2.5"
              />
              <rect
                class="handle handle--e"
                cursor="ew-resize"
                height="10"
                rx="1"
                style=""
                transform="translate(0, -7)"
                width="6"
                x="985"
                y="-2.5"
              />
            </g>
            <g
              class="brushY"
              fill="none"
              pointer-events="all"
            >
              <rect
                class="overlay"
                cursor="crosshair"
                height="971"
                pointer-events="all"
                transform="translate(2)"
                width="4"
                x="992"
                y="24"
              />
              <rect
                class="selection"
                cursor="move"
                fill="#777"
                fill-opacity="0.3"
                height="971"
                shape-rendering="crispEdges"
                stroke="#fff"
                style=""
                transform="translate(-7)"
                width="4"
                x="992"
                y="5"
              />
              <rect
                class="handle handle--n"
                cursor="ns-resize"
                height="6"
                rx="1"
                style=""
                transform="translate(-4)"
                width="10"
                x="989"
                y="2"
              />
              <rect
                class="handle handle--s"
                cursor="ns-resize"
                height="6"
                rx="1"
                style=""
                transform="translate(-4)"
                width="10"
                x="989"
                y="973"
              />
            </g>
          </g>
        </svg>
        <div
          class="c7"
        >
          <div
            class="c8"
            data-testid="zoom-out-button"
            disabled=""
          >
            <svg />
          </div>
          <span
            class="c9"
            data-testid="tooltip-container"
          >
            <div
              class="c10"
              data-testid="zoom-in-button"
            >
              <svg />
            </div>
          </span>
        </div>
      </div>
      <span
        class="c9"
        data-testid="tooltip-container"
      />
    </div>
  </div>
</body>
`;
