// Jest Snapshot v1, https://goo.gl/fbAQLP

exports[`StackedBarChart should render 1`] = `
.c2 {
  display: inline-block;
  position: relative;
}

.c0 > .tick > text {
  font-family: Inter,sans-serif;
  font-size: 0.625rem;
  line-height: 0.9375rem;
  font-weight: 400;
  font-style: normal;
}

.c1 > .tick > text {
  font-family: Inter,sans-serif;
  font-size: 0.625rem;
  line-height: 0.9375rem;
  font-weight: 400;
  font-style: normal;
}

<body>
  <div>
    <div
      class=""
    >
      <svg
        height="1000"
        width="1000"
      >
        <g
          class="c0 xAxis undefined"
          fill="none"
          font-family="sans-serif"
          font-size="10"
          text-anchor="middle"
          transform="translate(0, 1000)"
        />
        <g
          class="c1 yAxis"
          fill="none"
          font-family="sans-serif"
          font-size="10"
          text-anchor="start"
          transform="translate(0,0)"
        />
        <path
          class="area"
          d="M0,0L900,0L900,1000L0,1000Z"
          data-testid="area-0"
          fill="#00B0D7"
          fill-opacity="0.1"
          id="area-0"
        />
        <path
          class="area"
          d="M900,0L1000,0L1000,1000L900,1000Z"
          data-testid="area-1"
          fill="#00B0D7"
          fill-opacity="0.2"
          id="area-1"
        />
        <rect
          fill-opacity="0"
          id="area-label-0"
          x="450px"
          y="37px"
        />
        <rect
          fill-opacity="0"
          id="area-label-1"
          x="950px"
          y="37px"
        />
      </svg>
      <span
        class="c2"
        data-testid="tooltip-container"
      />
    </div>
  </div>
</body>
`;
