// Jest Snapshot v1, https://goo.gl/fbAQLP

exports[`ResetPassword should reset password 1`] = `
.c1 {
  color: #474747;
  min-width: 50rem;
  width: 55.556vw;
  min-height: 34.8125rem;
  height: 38.680865vw;
  max-height: 90vh;
  display: -webkit-box;
  display: -webkit-flex;
  display: -ms-flexbox;
  display: flex;
  margin: auto;
  background-color: #FFFFFF;
  box-shadow: 0 0 0.125rem 0rem rgba(0,0,0,0.15);
  border-radius: 0.25rem;
  -webkit-flex-shrink: 0;
  -ms-flex-negative: 0;
  flex-shrink: 0;
}

.c13 {
  background: none;
  border: none;
  padding: 0;
  height: 1.5rem;
  width: 1.5rem;
}

.c13 svg {
  fill: #4475E3;
}

.c13:active,
.c13:enabled:hover {
  cursor: pointer;
}

.c13:active svg,
.c13:enabled:hover svg {
  fill: #4475E3;
}

.c13:disabled svg {
  fill: #DBDBDB;
}

.c7 {
  display: -webkit-box;
  display: -webkit-flex;
  display: -ms-flexbox;
  display: flex;
  -webkit-flex-direction: column;
  -ms-flex-direction: column;
  flex-direction: column;
  gap: 0.5rem;
}

.c12 > svg {
  position: relative;
  bottom: 2.6875rem;
  left: calc(100% - 2rem);
}

.c11 {
  font-family: Inter,sans-serif;
  font-size: 1rem;
  line-height: 1.5rem;
  font-weight: 400;
  font-style: normal;
  color: #474747;
  box-sizing: border-box;
  height: 3.5rem;
  width: 100%;
  margin: 0;
  padding: 1rem;
  background-color: #F7F8FA;
  border: 0.0625rem solid #F7F8FA;
  border-radius: 0.25rem;
  -webkit-transition: border 300ms cubic-bezier(0.45,0.05,0,1);
  transition: border 300ms cubic-bezier(0.45,0.05,0,1);
  caret-color: #4475E3;
}

.c11:hover:enabled {
  border-color: #2F65E0;
}

.c11:active:enabled,
.c11:focus-visible {
  outline: none;
  border-color: #4475E3;
}

.c11:disabled {
  color: rgba(0,0,0,0.38);
  border-color: transparent;
  background-color: #f8f8f8;
}

.c11::-webkit-input-placeholder {
  color: #808080;
}

.c11::-moz-placeholder {
  color: #808080;
}

.c11:-ms-input-placeholder {
  color: #808080;
}

.c11::placeholder {
  color: #808080;
}

.c11:disabled::-webkit-input-placeholder {
  color: #DBDBDB;
}

.c11:disabled::-moz-placeholder {
  color: #DBDBDB;
}

.c11:disabled:-ms-input-placeholder {
  color: #DBDBDB;
}

.c11:disabled::placeholder {
  color: #DBDBDB;
}

.c11:-webkit-autofill,
.c11:-webkit-autofill:hover,
.c11:-webkit-autofill:focus {
  border: 0.0625rem solid #4475E3;
  -webkit-transition: background-color 5000s ease-in-out 0s;
  transition: background-color 5000s ease-in-out 0s;
  background-color: #F7F8FA !important;
  background-image: unset !important;
  -webkit-text-fill-color: #838383;
}

.c11:-webkit-autofill:focus {
  border-color: #4475E3;
}

.c9 {
  max-height: 3.5rem;
}

.c9:hover .c10:enabled {
  border-color: #2F65E0;
}

.c8 {
  font-family: Inter,sans-serif;
  font-size: 0.875rem;
  line-height: 1.3125rem;
  font-weight: 400;
  font-style: normal;
  color: #474747;
  gap: 0.5rem;
  height: 1.125rem;
}

.c14 {
  position: relative;
  bottom: 2.6875rem;
  left: calc(100% - 2rem);
}

.c14:hover {
  cursor: pointer;
}

.c25 {
  position: absolute;
  will-change: opacity,transform;
  border-radius: 50%;
  -webkit-animation: bykygw 600ms cubic-bezier(0.4,0,0.2,1) forwards;
  animation: bykygw 600ms cubic-bezier(0.4,0,0.2,1) forwards;
  z-index: 0;
  pointer-events: none;
}

.c23 {
  position: relative;
  z-index: 0;
  display: -webkit-box !important;
  display: -webkit-flex !important;
  display: -ms-flexbox !important;
  display: flex !important;
  -webkit-align-items: center;
  -webkit-box-align: center;
  -ms-flex-align: center;
  align-items: center;
  -webkit-box-pack: center;
  -webkit-justify-content: center;
  -ms-flex-pack: center;
  justify-content: center;
  border-radius: 0.25rem;
  width: 100%;
  white-space: nowrap;
  padding: 0;
  overflow: hidden;
  -webkit-transition-duration: 400ms;
  transition-duration: 400ms;
  -webkit-transition-property: background-color;
  transition-property: background-color;
  height: 3rem;
  border: none;
  background-color: #4475E3;
}

.c23 > div {
  font-family: Inter,sans-serif;
  font-size: 1rem;
  line-height: 1.5rem;
  font-weight: 600;
  font-style: normal;
}

.c23 > div svg {
  margin-right: 0.25rem;
}

.c23 > div {
  color: #FFFFFF;
}

.c23 > div svg {
  fill: #FFFFFF;
}

.c23:hover:enabled {
  background-color: #2F65E0;
}

.c23:disabled {
  background-color: #B3C6F1;
}

.c23:focus-visible:enabled {
  border: 0.125rem solid #FFFFFF;
  background-color: #4475E3;
  outline: 0.125rem solid #C7D6F7;
}

.c24 {
  position: relative;
  z-index: 2;
  display: -webkit-box;
  display: -webkit-flex;
  display: -ms-flexbox;
  display: flex;
  -webkit-box-pack: center;
  -webkit-justify-content: center;
  -ms-flex-pack: center;
  justify-content: center;
  -webkit-align-items: center;
  -webkit-box-align: center;
  -ms-flex-align: center;
  align-items: center;
  -webkit-transform: translate3d(0,0,0.0625rem);
  -ms-transform: translate3d(0,0,0.0625rem);
  transform: translate3d(0,0,0.0625rem);
}

.c18 {
  display: inline-grid;
  gap: 0.25rem;
  grid-template-columns: 2.5rem 1fr;
  -webkit-align-items: flex-start;
  -webkit-box-align: flex-start;
  -ms-flex-align: flex-start;
  align-items: flex-start;
  cursor: unset !important;
}

.c21 {
  font-family: Inter,sans-serif;
  font-size: 0.875rem;
  line-height: 1.3125rem;
  font-weight: 400;
  font-style: normal;
  color: #838383;
  -webkit-transition: color 300ms cubic-bezier(0.45,0.05,0,1);
  transition: color 300ms cubic-bezier(0.45,0.05,0,1);
  display: -webkit-box;
  display: -webkit-flex;
  display: -ms-flexbox;
  display: flex;
  -webkit-align-items: center;
  -webkit-box-align: center;
  -ms-flex-align: center;
  align-items: center;
  height: 100%;
}

.c20 {
  width: 2.5rem;
  height: 2.5rem;
  display: -webkit-box;
  display: -webkit-flex;
  display: -ms-flexbox;
  display: flex;
  -webkit-align-items: center;
  -webkit-box-align: center;
  -ms-flex-align: center;
  align-items: center;
  -webkit-box-pack: center;
  -webkit-justify-content: center;
  -ms-flex-pack: center;
  justify-content: center;
}

.c17 {
  display: inline-block;
}

.c17 input {
  display: none;
}

.c17 .c19 > svg > :nth-child(1) {
  -webkit-transition: stroke-color 300ms cubic-bezier(0.45,0.05,0,1), fill 300ms cubic-bezier(0.45,0.05,0,1);
  transition: stroke-color 300ms cubic-bezier(0.45,0.05,0,1), fill 300ms cubic-bezier(0.45,0.05,0,1);
  fill: #DBDBDB;
}

.c17 .c19 > svg > :nth-child(2) {
  -webkit-transition: stroke-color 300ms cubic-bezier(0.45,0.05,0,1), fill 300ms cubic-bezier(0.45,0.05,0,1);
  transition: stroke-color 300ms cubic-bezier(0.45,0.05,0,1), fill 300ms cubic-bezier(0.45,0.05,0,1);
}

.c15 {
  margin-top: 0.875rem;
  margin-bottom: 1.625rem;
}

.c16 {
  height: 2.5rem;
}

.c16 * {
  cursor: default;
}

.c22 {
  font-family: Inter,sans-serif;
  font-size: 0.75rem;
  line-height: 1.125rem;
  font-weight: 400;
  font-style: normal;
  color: #838383;
}

.c4 {
  font-family: Inter,sans-serif;
  font-size: 2rem;
  line-height: 2.625rem;
  font-weight: 600;
  font-style: normal;
  margin: 1rem auto 0.5rem;
  text-align: center;
}

.c0 {
  display: -webkit-box;
  display: -webkit-flex;
  display: -ms-flexbox;
  display: flex;
  height: 100%;
  width: 100%;
}

.c2 {
  display: -webkit-box;
  display: -webkit-flex;
  display: -ms-flexbox;
  display: flex;
  -webkit-flex-direction: column;
  -ms-flex-direction: column;
  flex-direction: column;
  width: 100%;
  -webkit-align-items: center;
  -webkit-box-align: center;
  -ms-flex-align: center;
  align-items: center;
}

.c3 {
  width: 28rem;
  margin: auto;
  display: -webkit-box;
  display: -webkit-flex;
  display: -ms-flexbox;
  display: flex;
  -webkit-flex-direction: column;
  -ms-flex-direction: column;
  flex-direction: column;
}

.c5 {
  margin: 0rem auto 2.25rem;
}

.c6 {
  margin-top: 0.1875rem;
  margin-bottom: 0.625rem;
  display: -webkit-box;
  display: -webkit-flex;
  display: -ms-flexbox;
  display: flex;
  -webkit-align-items: stretch;
  -webkit-box-align: stretch;
  -ms-flex-align: stretch;
  align-items: stretch;
  -webkit-flex-direction: column;
  -ms-flex-direction: column;
  flex-direction: column;
  row-gap: 1.0625rem;
}

@media (max-height:44rem) {
  .c0 {
    overflow-y: scroll;
  }
}

@media (max-width:45.75rem) {
  .c0 {
    overflow-x: scroll;
  }
}

<div
  class="c0"
  data-testid="reset-password"
>
  <div
    class="c1"
    width="55.556"
  >
    <div
      class="c2"
    >
      <div
        class="c3"
      >
        <div
          class="c4 c5"
        >
          Reset Password
        </div>
        <div
          class="c6"
        >
          <div
            class="c7"
          >
            <div
              class="c8"
              data-testid="input-description"
            >
              New password
            </div>
            <div
              class="c9"
            >
              <input
                class="c10 c11"
                data-testid="reset-rassword-screen-password-field"
                name="password"
                placeholder="Enter password"
                type="password"
                value=""
              />
              <div
                class="c12"
              >
                <button
                  aria-label="Show Password"
                  class="c13 c14"
                  color="primary"
                >
                  <svg
                    data-testid="icon"
                  />
                </button>
              </div>
            </div>
          </div>
        </div>
        <div
          class="c15"
        >
          <div
            class="c16"
          >
            <div
              class="c17 "
              color="disabled"
              disabled=""
              kind="success"
              readonly=""
            >
              <label
                class="c18"
                for="1"
                kind="success"
              >
                <div
                  class="c19 c20"
                >
                  <svg />
                </div>
                <div
                  class="c21"
                  disabled=""
                >
                  <span
                    class="c22"
                  >
                    Be at least 12 characters in length
                  </span>
                </div>
              </label>
              <input
                checked=""
                data-testid="auth-signup-radio"
                disabled=""
                id="1"
                readonly=""
                type="checkbox"
              />
            </div>
          </div>
          <div
            class="c16"
          >
            <div
              class="c17 "
              color="disabled"
              disabled=""
              kind="success"
              readonly=""
            >
              <label
                class="c18"
                for="2"
                kind="success"
              >
                <div
                  class="c19 c20"
                >
                  <svg />
                </div>
                <div
                  class="c21"
                  disabled=""
                >
                  <span
                    class="c22"
                  >
                    Contains 1 upper case, 1 lower case, 1 number, and 1 special character
                  </span>
                </div>
              </label>
              <input
                checked=""
                data-testid="auth-signup-radio"
                disabled=""
                id="2"
                readonly=""
                type="checkbox"
              />
            </div>
          </div>
          <div
            class="c16"
          >
            <div
              class="c17 "
              color="disabled"
              disabled=""
              kind="success"
              readonly=""
            >
              <label
                class="c18"
                for="3"
                kind="success"
              >
                <div
                  class="c19 c20"
                >
                  <svg />
                </div>
                <div
                  class="c21"
                  disabled=""
                >
                  <span
                    class="c22"
                  >
                    Does not contain more than 3 identical characters in a row
                  </span>
                </div>
              </label>
              <input
                checked=""
                data-testid="auth-signup-radio"
                disabled=""
                id="3"
                readonly=""
                type="checkbox"
              />
            </div>
          </div>
          <div
            class="c16"
          >
            <div
              class="c17 "
              color="disabled"
              disabled=""
              kind="success"
              readonly=""
            >
              <label
                class="c18"
                for="4"
                kind="success"
              >
                <div
                  class="c19 c20"
                >
                  <svg />
                </div>
                <div
                  class="c21"
                  disabled=""
                >
                  <span
                    class="c22"
                  >
                    Does not contain username
                  </span>
                </div>
              </label>
              <input
                checked=""
                data-testid="auth-signup-radio"
                disabled=""
                id="4"
                readonly=""
                type="checkbox"
              />
            </div>
          </div>
        </div>
        <button
          class="c23"
          data-testid="reset-password-button"
          disabled=""
          fill="solid"
          style="overflow: hidden; position: relative;"
        >
          <div
            class="c24"
            data-testid="content"
          >
            Reset password
          </div>
          <div
            class="c25"
            color="primaryPressed"
            opacity="1,1"
            scale="0"
            style="display: none; width: 0rem; height: 0rem; top: 0rem; left: 0rem;"
          />
        </button>
      </div>
    </div>
  </div>
</div>
`;
